$ python -m pytest tests/ -v
================================================================================================== test session starts ===================================================================================================
platform win32 -- Python 3.14.3, pytest-9.0.2, pluggy-1.6.0 -- srikar\ciir-agentic-search\ciir\Scripts\python.exe
cachedir: .pytest_cache
rootdir: srikar\ciir-agentic-search
plugins: anyio-4.13.0, asyncio-1.3.0
asyncio: mode=Mode.STRICT, debug=False, asyncio_default_fixture_loop_scope=None, asyncio_default_test_loop_scope=function
collected 15 items                                                                                                                                                                                                        

tests/test_pipeline.py::test_planner_parse PASSED                                                                                                                                                                   [  6%] 
tests/test_pipeline.py::test_planner_name_always_first PASSED                                                                                                                                                       [ 13%] 
tests/test_pipeline.py::test_scraper_skips_binary PASSED                                                                                                                                                            [ 20%] 
tests/test_pipeline.py::test_scraper_clean_html PASSED                                                                                                                                                              [ 26%] 
tests/test_pipeline.py::test_normalise_name PASSED                                                                                                                                                                  [ 33%] 
tests/test_pipeline.py::test_fast_dedup_merges_same_names PASSED                                                                                                                                                    [ 40%] 
tests/test_pipeline.py::test_coverage_computation PASSED                                                                                                                                                            [ 46%] 
tests/test_pipeline.py::test_entity_coverage PASSED                                                                                                                                                                 [ 53%] 
tests/test_pipeline.py::test_cell_value_display PASSED                                                                                                                                                              [ 60%] 
tests/test_pipeline.py::test_cell_value_llm_filled_default PASSED                                                                                                                                                   [ 66%] 
tests/test_pipeline.py::test_llm_filler_fills_missing_cells PASSED                                                                                                                                                  [ 73%] 
tests/test_pipeline.py::test_llm_filler_skips_null_responses PASSED                                                                                                                                                 [ 80%] 
tests/test_pipeline.py::test_llm_filler_skips_entities_with_no_gaps PASSED                                                                                                                                          [ 86%] 
tests/test_pipeline.py::test_llm_filler_graceful_on_api_failure PASSED                                                                                                                                              [ 93%] 
tests/test_pipeline.py::test_llm_filler_strips_markdown_fences PASSED                                                                                                                                               [100%] 

=================================================================================================== 15 passed in 1.39s =================================================================================================== 